
> agent-maturity-compass@1.2.0 release:gate /private/tmp/amc-phase-a-acceptance-20260909-bz3ld3j9/checkout
> node scripts/release-gate.mjs --out /Users/sid/AgentMaturityCompass/AMC_OS/RESEARCH/2026-09-09-phase-a-acceptance/attempt-2/release-gate.json

FAILED 10/14 executed checks passed; 4 failed; 1 skipped. Acceptance is incomplete: live-deploy-health.
Receipt: /Users/sid/AgentMaturityCompass/AMC_OS/RESEARCH/2026-09-09-phase-a-acceptance/attempt-2/release-gate.json
- PASSED console-js-syntax
- PASSED openapi-parse
- PASSED typecheck
- FAILED typecheck-tests
- PASSED build
- PASSED packed-install
- PASSED gap-0626-adversarial-regression
- FAILED full-test-suite
- PASSED command-inventory
- FAILED architecture-boundaries
- PASSED docs-drift-public-naming
- FAILED runtime-dependency-audit
- PASSED cli-and-domain-smoke
- PASSED install-persona-qa
- SKIPPED live-deploy-health
 ELIFECYCLE  Command failed with exit code 1.
