{
  "sessionId": "af486e3f-e261-41f6-8668-eff2baa13937",
  "ok": true,
  "ledgerOk": true,
  "ledgerErrors": [],
  "sessionChainErrors": [],
  "unsignedRowIds": [],
  "requests": [
    {
      "headerEventId": "c23a005b-6ec5-4a2a-80a8-aeab08e74903",
      "status": "reconstructed",
      "detail": null
    },
    {
      "headerEventId": "15383635-bf9f-4f12-8ab6-cb4501d4b9ec",
      "status": "reconstructed",
      "detail": null
    }
  ],
  "trustRoot": {
    "anchored": true,
    "monitorFingerprint": "7f3af702e029d3cee4468b300a91aa726616360bce94f0ff9c79f6ecfe2f574d",
    "expectedFingerprint": "7f3af702e029d3cee4468b300a91aa726616360bce94f0ff9c79f6ecfe2f574d"
  }
}
