{
  "status": "passed",
  "skipped": [
    {
      "id": "helm",
      "reason": "binary absent"
    },
    {
      "id": "kubeconform",
      "reason": "binary absent"
    }
  ],
  "errors": [],
  "ran": [
    "static"
  ],
  "versions": {
    "errors": [],
    "packageVersion": "1.2.0",
    "chartVersion": "0.2.0",
    "appVersion": "1.2.0",
    "quickstartVersion": "1.1.1"
  },
  "endpoints": [
    "amc-studio startupProbe /healthz -> src/studio/studioServer.ts:1729",
    "amc-studio readinessProbe /readyz -> src/studio/studioServer.ts:1768",
    "amc-studio livenessProbe /healthz -> src/studio/studioServer.ts:1729",
    "amc-notary readinessProbe /readyz -> src/notary/notaryServer.ts:149",
    "amc-notary livenessProbe /healthz -> src/notary/notaryServer.ts:144"
  ]
}
exit 0
