# 2026-10-03T18:01:37Z HEAD 903c19fe4e5b218fcd7361f821805481da042248
$ node scripts/deploy/deploy-pack-check.mjs --json
{
  "status": "passed",
  "skipped": [
    {
      "id": "helm",
      "reason": "binary absent"
    },
    {
      "id": "kubeconform",
      "reason": "binary absent"
    }
  ],
  "errors": [],
  "ran": [
    "static"
  ],
  "versions": {
    "errors": [],
    "packageVersion": "1.2.0",
    "chartVersion": "0.2.0",
    "appVersion": "1.2.0",
    "quickstartVersion": "1.1.1"
  },
  "endpoints": [
    "amc-studio startupProbe /healthz -> src/studio/studioServer.ts:1729",
    "amc-studio readinessProbe /readyz -> src/studio/studioServer.ts:1768",
    "amc-studio livenessProbe /healthz -> src/studio/studioServer.ts:1729",
    "amc-notary readinessProbe /readyz -> src/notary/notaryServer.ts:149",
    "amc-notary livenessProbe /healthz -> src/notary/notaryServer.ts:144"
  ]
}
exit=0
$ node scripts/deploy/deploy-pack-check.mjs --json | node -e ...
passed helm:binary absent,kubeconform:binary absent
$ node scripts/deploy/deploy-pack-check.mjs --require-tools
ran: static
skipped: helm (binary absent)
skipped: kubeconform (binary absent)
FAIL helm: required by --require-tools but binary absent
FAIL kubeconform: required by --require-tools but binary absent
deploy-pack-check: failed
exit=1
